21:42:12 **** Build of project MemoryGame_bsp ****
make -k all 
"Running Make include in ps7_cortexa9_0/libsrc/bram_v4_2/src"
make -C ps7_cortexa9_0/libsrc/bram_v4_2/src -s include  "SHELL=CMD" "COMPILER=arm-none-eabi-gcc" "ARCHIVER=arm-none-eabi-ar" "COMPILER_FLAGS=  -O2 -c" "EXTRA_COMPILER_FLAGS=-mcpu=cortex-a9 -mfpu=vfpv3 -mfloat-abi=hard -nostartfiles -Wall -Wextra"
"Running Make include in ps7_cortexa9_0/libsrc/coresightps_dcc_v1_4/src"
make -C ps7_cortexa9_0/libsrc/coresightps_dcc_v1_4/src -s include  "SHELL=CMD" "COMPILER=arm-none-eabi-gcc" "ARCHIVER=arm-none-eabi-ar" "COMPILER_FLAGS=  -O2 -c" "EXTRA_COMPILER_FLAGS=-mcpu=cortex-a9 -mfpu=vfpv3 -mfloat-abi=hard -nostartfiles -Wall -Wextra"
"Running Make include in ps7_cortexa9_0/libsrc/cpu_cortexa9_v2_5/src"
make -C ps7_cortexa9_0/libsrc/cpu_cortexa9_v2_5/src -s include  "SHELL=CMD" "COMPILER=arm-none-eabi-gcc" "ARCHIVER=arm-none-eabi-ar" "COMPILER_FLAGS=  -O2 -c" "EXTRA_COMPILER_FLAGS=-mcpu=cortex-a9 -mfpu=vfpv3 -mfloat-abi=hard -nostartfiles -Wall -Wextra"
"Running Make include in ps7_cortexa9_0/libsrc/ddrps_v1_0/src"
make -C ps7_cortexa9_0/libsrc/ddrps_v1_0/src -s include  "SHELL=CMD" "COMPILER=arm-none-eabi-gcc" "ARCHIVER=arm-none-eabi-ar" "COMPILER_FLAGS=  -O2 -c" "EXTRA_COMPILER_FLAGS=-mcpu=cortex-a9 -mfpu=vfpv3 -mfloat-abi=hard -nostartfiles -Wall -Wextra"
"Running Make include in ps7_cortexa9_0/libsrc/devcfg_v3_5/src"
make -C ps7_cortexa9_0/libsrc/devcfg_v3_5/src -s include  "SHELL=CMD" "COMPILER=arm-none-eabi-gcc" "ARCHIVER=arm-none-eabi-ar" "COMPILER_FLAGS=  -O2 -c" "EXTRA_COMPILER_FLAGS=-mcpu=cortex-a9 -mfpu=vfpv3 -mfloat-abi=hard -nostartfiles -Wall -Wextra"
"Running Make include in ps7_cortexa9_0/libsrc/dmaps_v2_3/src"
make -C ps7_cortexa9_0/libsrc/dmaps_v2_3/src -s include  "SHELL=CMD" "COMPILER=arm-none-eabi-gcc" "ARCHIVER=arm-none-eabi-ar" "COMPILER_FLAGS=  -O2 -c" "EXTRA_COMPILER_FLAGS=-mcpu=cortex-a9 -mfpu=vfpv3 -mfloat-abi=hard -nostartfiles -Wall -Wextra"
"Running Make include in ps7_cortexa9_0/libsrc/gpio_v4_3/src"
make -C ps7_cortexa9_0/libsrc/gpio_v4_3/src -s include  "SHELL=CMD" "COMPILER=arm-none-eabi-gcc" "ARCHIVER=arm-none-eabi-ar" "COMPILER_FLAGS=  -O2 -c" "EXTRA_COMPILER_FLAGS=-mcpu=cortex-a9 -mfpu=vfpv3 -mfloat-abi=hard -nostartfiles -Wall -Wextra"
"Running Make include in ps7_cortexa9_0/libsrc/led_ip_v1_0/src"
make -C ps7_cortexa9_0/libsrc/led_ip_v1_0/src -s include  "SHELL=CMD" "COMPILER=arm-none-eabi-gcc" "ARCHIVER=arm-none-eabi-ar" "COMPILER_FLAGS=  -O2 -c" "EXTRA_COMPILER_FLAGS=-mcpu=cortex-a9 -mfpu=vfpv3 -mfloat-abi=hard -nostartfiles -Wall -Wextra"
"Running Make include in ps7_cortexa9_0/libsrc/scugic_v3_8/src"
make -C ps7_cortexa9_0/libsrc/scugic_v3_8/src -s include  "SHELL=CMD" "COMPILER=arm-none-eabi-gcc" "ARCHIVER=arm-none-eabi-ar" "COMPILER_FLAGS=  -O2 -c" "EXTRA_COMPILER_FLAGS=-mcpu=cortex-a9 -mfpu=vfpv3 -mfloat-abi=hard -nostartfiles -Wall -Wextra"
"Running Make include in ps7_cortexa9_0/libsrc/scutimer_v2_1/src"
make -C ps7_cortexa9_0/libsrc/scutimer_v2_1/src -s include  "SHELL=CMD" "COMPILER=arm-none-eabi-gcc" "ARCHIVER=arm-none-eabi-ar" "COMPILER_FLAGS=  -O2 -c" "EXTRA_COMPILER_FLAGS=-mcpu=cortex-a9 -mfpu=vfpv3 -mfloat-abi=hard -nostartfiles -Wall -Wextra"
"Running Make include in ps7_cortexa9_0/libsrc/scuwdt_v2_1/src"
make -C ps7_cortexa9_0/libsrc/scuwdt_v2_1/src -s include  "SHELL=CMD" "COMPILER=arm-none-eabi-gcc" "ARCHIVER=arm-none-eabi-ar" "COMPILER_FLAGS=  -O2 -c" "EXTRA_COMPILER_FLAGS=-mcpu=cortex-a9 -mfpu=vfpv3 -mfloat-abi=hard -nostartfiles -Wall -Wextra"
"Running Make include in ps7_cortexa9_0/libsrc/standalone_v6_5/src"
make -C ps7_cortexa9_0/libsrc/standalone_v6_5/src -s include  "SHELL=CMD" "COMPILER=arm-none-eabi-gcc" "ARCHIVER=arm-none-eabi-ar" "COMPILER_FLAGS=  -O2 -c" "EXTRA_COMPILER_FLAGS=-mcpu=cortex-a9 -mfpu=vfpv3 -mfloat-abi=hard -nostartfiles -Wall -Wextra"
"Running Make include in ps7_cortexa9_0/libsrc/uartps_v3_5/src"
make -C ps7_cortexa9_0/libsrc/uartps_v3_5/src -s include  "SHELL=CMD" "COMPILER=arm-none-eabi-gcc" "ARCHIVER=arm-none-eabi-ar" "COMPILER_FLAGS=  -O2 -c" "EXTRA_COMPILER_FLAGS=-mcpu=cortex-a9 -mfpu=vfpv3 -mfloat-abi=hard -nostartfiles -Wall -Wextra"
"Running Make include in ps7_cortexa9_0/libsrc/xadcps_v2_2/src"
make -C ps7_cortexa9_0/libsrc/xadcps_v2_2/src -s include  "SHELL=CMD" "COMPILER=arm-none-eabi-gcc" "ARCHIVER=arm-none-eabi-ar" "COMPILER_FLAGS=  -O2 -c" "EXTRA_COMPILER_FLAGS=-mcpu=cortex-a9 -mfpu=vfpv3 -mfloat-abi=hard -nostartfiles -Wall -Wextra"
"Running Make libs in ps7_cortexa9_0/libsrc/bram_v4_2/src"
make -C ps7_cortexa9_0/libsrc/bram_v4_2/src -s libs  "SHELL=CMD" "COMPILER=arm-none-eabi-gcc" "ARCHIVER=arm-none-eabi-ar" "COMPILER_FLAGS=  -O2 -c" "EXTRA_COMPILER_FLAGS=-mcpu=cortex-a9 -mfpu=vfpv3 -mfloat-abi=hard -nostartfiles -Wall -Wextra"
"Compiling bram"
arm-none-eabi-ar: creating ../../../lib/libxil.a
"Running Make libs in ps7_cortexa9_0/libsrc/coresightps_dcc_v1_4/src"
make -C ps7_cortexa9_0/libsrc/coresightps_dcc_v1_4/src -s libs  "SHELL=CMD" "COMPILER=arm-none-eabi-gcc" "ARCHIVER=arm-none-eabi-ar" "COMPILER_FLAGS=  -O2 -c" "EXTRA_COMPILER_FLAGS=-mcpu=cortex-a9 -mfpu=vfpv3 -mfloat-abi=hard -nostartfiles -Wall -Wextra"
"Compiling coresightps_dcc"
"Running Make libs in ps7_cortexa9_0/libsrc/cpu_cortexa9_v2_5/src"
make -C ps7_cortexa9_0/libsrc/cpu_cortexa9_v2_5/src -s libs  "SHELL=CMD" "COMPILER=arm-none-eabi-gcc" "ARCHIVER=arm-none-eabi-ar" "COMPILER_FLAGS=  -O2 -c" "EXTRA_COMPILER_FLAGS=-mcpu=cortex-a9 -mfpu=vfpv3 -mfloat-abi=hard -nostartfiles -Wall -Wextra"
"Compiling cpu_cortexa9"
"Running Make libs in ps7_cortexa9_0/libsrc/ddrps_v1_0/src"
make -C ps7_cortexa9_0/libsrc/ddrps_v1_0/src -s libs  "SHELL=CMD" "COMPILER=arm-none-eabi-gcc" "ARCHIVER=arm-none-eabi-ar" "COMPILER_FLAGS=  -O2 -c" "EXTRA_COMPILER_FLAGS=-mcpu=cortex-a9 -mfpu=vfpv3 -mfloat-abi=hard -nostartfiles -Wall -Wextra"
"Compiling ddrps"
"Running Make libs in ps7_cortexa9_0/libsrc/devcfg_v3_5/src"
make -C ps7_cortexa9_0/libsrc/devcfg_v3_5/src -s libs  "SHELL=CMD" "COMPILER=arm-none-eabi-gcc" "ARCHIVER=arm-none-eabi-ar" "COMPILER_FLAGS=  -O2 -c" "EXTRA_COMPILER_FLAGS=-mcpu=cortex-a9 -mfpu=vfpv3 -mfloat-abi=hard -nostartfiles -Wall -Wextra"
"Compiling devcfg"
"Running Make libs in ps7_cortexa9_0/libsrc/dmaps_v2_3/src"
make -C ps7_cortexa9_0/libsrc/dmaps_v2_3/src -s libs  "SHELL=CMD" "COMPILER=arm-none-eabi-gcc" "ARCHIVER=arm-none-eabi-ar" "COMPILER_FLAGS=  -O2 -c" "EXTRA_COMPILER_FLAGS=-mcpu=cortex-a9 -mfpu=vfpv3 -mfloat-abi=hard -nostartfiles -Wall -Wextra"
"Compiling dmaps"
"Running Make libs in ps7_cortexa9_0/libsrc/gpio_v4_3/src"
make -C ps7_cortexa9_0/libsrc/gpio_v4_3/src -s libs  "SHELL=CMD" "COMPILER=arm-none-eabi-gcc" "ARCHIVER=arm-none-eabi-ar" "COMPILER_FLAGS=  -O2 -c" "EXTRA_COMPILER_FLAGS=-mcpu=cortex-a9 -mfpu=vfpv3 -mfloat-abi=hard -nostartfiles -Wall -Wextra"
"Compiling gpio"
"Running Make libs in ps7_cortexa9_0/libsrc/led_ip_v1_0/src"
make -C ps7_cortexa9_0/libsrc/led_ip_v1_0/src -s libs  "SHELL=CMD" "COMPILER=arm-none-eabi-gcc" "ARCHIVER=arm-none-eabi-ar" "COMPILER_FLAGS=  -O2 -c" "EXTRA_COMPILER_FLAGS=-mcpu=cortex-a9 -mfpu=vfpv3 -mfloat-abi=hard -nostartfiles -Wall -Wextra"
"Compiling led_ip..."
led_ip_selftest.c: In function 'LED_IP_Reg_SelfTest':
led_ip_selftest.c:52:55: warning: comparison between signed and unsigned integer expressions [-Wsign-compare]
    if ( LED_IP_mReadReg (baseaddr, read_loop_index*4) != (read_loop_index+1)*READ_WRITE_MUL_FACTOR){
                                                       ^~
led_ip_selftest.c:36:6: warning: unused variable 'Index' [-Wunused-variable]
  int Index;
      ^~~~~
"Running Make libs in ps7_cortexa9_0/libsrc/scugic_v3_8/src"
make -C ps7_cortexa9_0/libsrc/scugic_v3_8/src -s libs  "SHELL=CMD" "COMPILER=arm-none-eabi-gcc" "ARCHIVER=arm-none-eabi-ar" "COMPILER_FLAGS=  -O2 -c" "EXTRA_COMPILER_FLAGS=-mcpu=cortex-a9 -mfpu=vfpv3 -mfloat-abi=hard -nostartfiles -Wall -Wextra"
"Compiling scugic"
"Running Make libs in ps7_cortexa9_0/libsrc/scutimer_v2_1/src"
make -C ps7_cortexa9_0/libsrc/scutimer_v2_1/src -s libs  "SHELL=CMD" "COMPILER=arm-none-eabi-gcc" "ARCHIVER=arm-none-eabi-ar" "COMPILER_FLAGS=  -O2 -c" "EXTRA_COMPILER_FLAGS=-mcpu=cortex-a9 -mfpu=vfpv3 -mfloat-abi=hard -nostartfiles -Wall -Wextra"
"Compiling scutimer"
"Running Make libs in ps7_cortexa9_0/libsrc/scuwdt_v2_1/src"
make -C ps7_cortexa9_0/libsrc/scuwdt_v2_1/src -s libs  "SHELL=CMD" "COMPILER=arm-none-eabi-gcc" "ARCHIVER=arm-none-eabi-ar" "COMPILER_FLAGS=  -O2 -c" "EXTRA_COMPILER_FLAGS=-mcpu=cortex-a9 -mfpu=vfpv3 -mfloat-abi=hard -nostartfiles -Wall -Wextra"
"Compiling scuwdt"
"Running Make libs in ps7_cortexa9_0/libsrc/standalone_v6_5/src"
make -C ps7_cortexa9_0/libsrc/standalone_v6_5/src -s libs  "SHELL=CMD" "COMPILER=arm-none-eabi-gcc" "ARCHIVER=arm-none-eabi-ar" "COMPILER_FLAGS=  -O2 -c" "EXTRA_COMPILER_FLAGS=-mcpu=cortex-a9 -mfpu=vfpv3 -mfloat-abi=hard -nostartfiles -Wall -Wextra"
"Compiling standalone"
"Running Make libs in ps7_cortexa9_0/libsrc/uartps_v3_5/src"
make -C ps7_cortexa9_0/libsrc/uartps_v3_5/src -s libs  "SHELL=CMD" "COMPILER=arm-none-eabi-gcc" "ARCHIVER=arm-none-eabi-ar" "COMPILER_FLAGS=  -O2 -c" "EXTRA_COMPILER_FLAGS=-mcpu=cortex-a9 -mfpu=vfpv3 -mfloat-abi=hard -nostartfiles -Wall -Wextra"
"Compiling uartps"
"Running Make libs in ps7_cortexa9_0/libsrc/xadcps_v2_2/src"
make -C ps7_cortexa9_0/libsrc/xadcps_v2_2/src -s libs  "SHELL=CMD" "COMPILER=arm-none-eabi-gcc" "ARCHIVER=arm-none-eabi-ar" "COMPILER_FLAGS=  -O2 -c" "EXTRA_COMPILER_FLAGS=-mcpu=cortex-a9 -mfpu=vfpv3 -mfloat-abi=hard -nostartfiles -Wall -Wextra"
"Compiling xadcps"
'Finished building libraries'
21:42:30 **** Auto Build of project MemoryGame_bsp ****
make -k all 
"Running Make include in ps7_cortexa9_0/libsrc/bram_v4_2/src"
make -C ps7_cortexa9_0/libsrc/bram_v4_2/src -s include  "SHELL=CMD" "COMPILER=arm-none-eabi-gcc" "ARCHIVER=arm-none-eabi-ar" "COMPILER_FLAGS=  -O2 -c" "EXTRA_COMPILER_FLAGS=-mcpu=cortex-a9 -mfpu=vfpv3 -mfloat-abi=hard -nostartfiles -Wall -Wextra"
"Running Make include in ps7_cortexa9_0/libsrc/coresightps_dcc_v1_4/src"
make -C ps7_cortexa9_0/libsrc/coresightps_dcc_v1_4/src -s include  "SHELL=CMD" "COMPILER=arm-none-eabi-gcc" "ARCHIVER=arm-none-eabi-ar" "COMPILER_FLAGS=  -O2 -c" "EXTRA_COMPILER_FLAGS=-mcpu=cortex-a9 -mfpu=vfpv3 -mfloat-abi=hard -nostartfiles -Wall -Wextra"
"Running Make include in ps7_cortexa9_0/libsrc/cpu_cortexa9_v2_5/src"
make -C ps7_cortexa9_0/libsrc/cpu_cortexa9_v2_5/src -s include  "SHELL=CMD" "COMPILER=arm-none-eabi-gcc" "ARCHIVER=arm-none-eabi-ar" "COMPILER_FLAGS=  -O2 -c" "EXTRA_COMPILER_FLAGS=-mcpu=cortex-a9 -mfpu=vfpv3 -mfloat-abi=hard -nostartfiles -Wall -Wextra"
"Running Make include in ps7_cortexa9_0/libsrc/ddrps_v1_0/src"
make -C ps7_cortexa9_0/libsrc/ddrps_v1_0/src -s include  "SHELL=CMD" "COMPILER=arm-none-eabi-gcc" "ARCHIVER=arm-none-eabi-ar" "COMPILER_FLAGS=  -O2 -c" "EXTRA_COMPILER_FLAGS=-mcpu=cortex-a9 -mfpu=vfpv3 -mfloat-abi=hard -nostartfiles -Wall -Wextra"
"Running Make include in ps7_cortexa9_0/libsrc/devcfg_v3_5/src"
make -C ps7_cortexa9_0/libsrc/devcfg_v3_5/src -s include  "SHELL=CMD" "COMPILER=arm-none-eabi-gcc" "ARCHIVER=arm-none-eabi-ar" "COMPILER_FLAGS=  -O2 -c" "EXTRA_COMPILER_FLAGS=-mcpu=cortex-a9 -mfpu=vfpv3 -mfloat-abi=hard -nostartfiles -Wall -Wextra"
"Running Make include in ps7_cortexa9_0/libsrc/dmaps_v2_3/src"
make -C ps7_cortexa9_0/libsrc/dmaps_v2_3/src -s include  "SHELL=CMD" "COMPILER=arm-none-eabi-gcc" "ARCHIVER=arm-none-eabi-ar" "COMPILER_FLAGS=  -O2 -c" "EXTRA_COMPILER_FLAGS=-mcpu=cortex-a9 -mfpu=vfpv3 -mfloat-abi=hard -nostartfiles -Wall -Wextra"
"Running Make include in ps7_cortexa9_0/libsrc/gpio_v4_3/src"
make -C ps7_cortexa9_0/libsrc/gpio_v4_3/src -s include  "SHELL=CMD" "COMPILER=arm-none-eabi-gcc" "ARCHIVER=arm-none-eabi-ar" "COMPILER_FLAGS=  -O2 -c" "EXTRA_COMPILER_FLAGS=-mcpu=cortex-a9 -mfpu=vfpv3 -mfloat-abi=hard -nostartfiles -Wall -Wextra"
"Running Make include in ps7_cortexa9_0/libsrc/led_ip_v1_0/src"
make -C ps7_cortexa9_0/libsrc/led_ip_v1_0/src -s include  "SHELL=CMD" "COMPILER=arm-none-eabi-gcc" "ARCHIVER=arm-none-eabi-ar" "COMPILER_FLAGS=  -O2 -c" "EXTRA_COMPILER_FLAGS=-mcpu=cortex-a9 -mfpu=vfpv3 -mfloat-abi=hard -nostartfiles -Wall -Wextra"
"Running Make include in ps7_cortexa9_0/libsrc/scugic_v3_8/src"
make -C ps7_cortexa9_0/libsrc/scugic_v3_8/src -s include  "SHELL=CMD" "COMPILER=arm-none-eabi-gcc" "ARCHIVER=arm-none-eabi-ar" "COMPILER_FLAGS=  -O2 -c" "EXTRA_COMPILER_FLAGS=-mcpu=cortex-a9 -mfpu=vfpv3 -mfloat-abi=hard -nostartfiles -Wall -Wextra"
"Running Make include in ps7_cortexa9_0/libsrc/scutimer_v2_1/src"
make -C ps7_cortexa9_0/libsrc/scutimer_v2_1/src -s include  "SHELL=CMD" "COMPILER=arm-none-eabi-gcc" "ARCHIVER=arm-none-eabi-ar" "COMPILER_FLAGS=  -O2 -c" "EXTRA_COMPILER_FLAGS=-mcpu=cortex-a9 -mfpu=vfpv3 -mfloat-abi=hard -nostartfiles -Wall -Wextra"
"Running Make include in ps7_cortexa9_0/libsrc/scuwdt_v2_1/src"
make -C ps7_cortexa9_0/libsrc/scuwdt_v2_1/src -s include  "SHELL=CMD" "COMPILER=arm-none-eabi-gcc" "ARCHIVER=arm-none-eabi-ar" "COMPILER_FLAGS=  -O2 -c" "EXTRA_COMPILER_FLAGS=-mcpu=cortex-a9 -mfpu=vfpv3 -mfloat-abi=hard -nostartfiles -Wall -Wextra"
"Running Make include in ps7_cortexa9_0/libsrc/standalone_v6_5/src"
make -C ps7_cortexa9_0/libsrc/standalone_v6_5/src -s include  "SHELL=CMD" "COMPILER=arm-none-eabi-gcc" "ARCHIVER=arm-none-eabi-ar" "COMPILER_FLAGS=  -O2 -c" "EXTRA_COMPILER_FLAGS=-mcpu=cortex-a9 -mfpu=vfpv3 -mfloat-abi=hard -nostartfiles -Wall -Wextra"
"Running Make include in ps7_cortexa9_0/libsrc/uartps_v3_5/src"
make -C ps7_cortexa9_0/libsrc/uartps_v3_5/src -s include  "SHELL=CMD" "COMPILER=arm-none-eabi-gcc" "ARCHIVER=arm-none-eabi-ar" "COMPILER_FLAGS=  -O2 -c" "EXTRA_COMPILER_FLAGS=-mcpu=cortex-a9 -mfpu=vfpv3 -mfloat-abi=hard -nostartfiles -Wall -Wextra"
"Running Make include in ps7_cortexa9_0/libsrc/xadcps_v2_2/src"
make -C ps7_cortexa9_0/libsrc/xadcps_v2_2/src -s include  "SHELL=CMD" "COMPILER=arm-none-eabi-gcc" "ARCHIVER=arm-none-eabi-ar" "COMPILER_FLAGS=  -O2 -c" "EXTRA_COMPILER_FLAGS=-mcpu=cortex-a9 -mfpu=vfpv3 -mfloat-abi=hard -nostartfiles -Wall -Wextra"
"Running Make libs in ps7_cortexa9_0/libsrc/bram_v4_2/src"
make -C ps7_cortexa9_0/libsrc/bram_v4_2/src -s libs  "SHELL=CMD" "COMPILER=arm-none-eabi-gcc" "ARCHIVER=arm-none-eabi-ar" "COMPILER_FLAGS=  -O2 -c" "EXTRA_COMPILER_FLAGS=-mcpu=cortex-a9 -mfpu=vfpv3 -mfloat-abi=hard -nostartfiles -Wall -Wextra"
"Compiling bram"
"Running Make libs in ps7_cortexa9_0/libsrc/coresightps_dcc_v1_4/src"
make -C ps7_cortexa9_0/libsrc/coresightps_dcc_v1_4/src -s libs  "SHELL=CMD" "COMPILER=arm-none-eabi-gcc" "ARCHIVER=arm-none-eabi-ar" "COMPILER_FLAGS=  -O2 -c" "EXTRA_COMPILER_FLAGS=-mcpu=cortex-a9 -mfpu=vfpv3 -mfloat-abi=hard -nostartfiles -Wall -Wextra"
"Compiling coresightps_dcc"
"Running Make libs in ps7_cortexa9_0/libsrc/cpu_cortexa9_v2_5/src"
make -C ps7_cortexa9_0/libsrc/cpu_cortexa9_v2_5/src -s libs  "SHELL=CMD" "COMPILER=arm-none-eabi-gcc" "ARCHIVER=arm-none-eabi-ar" "COMPILER_FLAGS=  -O2 -c" "EXTRA_COMPILER_FLAGS=-mcpu=cortex-a9 -mfpu=vfpv3 -mfloat-abi=hard -nostartfiles -Wall -Wextra"
"Compiling cpu_cortexa9"
"Running Make libs in ps7_cortexa9_0/libsrc/ddrps_v1_0/src"
make -C ps7_cortexa9_0/libsrc/ddrps_v1_0/src -s libs  "SHELL=CMD" "COMPILER=arm-none-eabi-gcc" "ARCHIVER=arm-none-eabi-ar" "COMPILER_FLAGS=  -O2 -c" "EXTRA_COMPILER_FLAGS=-mcpu=cortex-a9 -mfpu=vfpv3 -mfloat-abi=hard -nostartfiles -Wall -Wextra"
"Compiling ddrps"
"Running Make libs in ps7_cortexa9_0/libsrc/devcfg_v3_5/src"
make -C ps7_cortexa9_0/libsrc/devcfg_v3_5/src -s libs  "SHELL=CMD" "COMPILER=arm-none-eabi-gcc" "ARCHIVER=arm-none-eabi-ar" "COMPILER_FLAGS=  -O2 -c" "EXTRA_COMPILER_FLAGS=-mcpu=cortex-a9 -mfpu=vfpv3 -mfloat-abi=hard -nostartfiles -Wall -Wextra"
"Compiling devcfg"
"Running Make libs in ps7_cortexa9_0/libsrc/dmaps_v2_3/src"
make -C ps7_cortexa9_0/libsrc/dmaps_v2_3/src -s libs  "SHELL=CMD" "COMPILER=arm-none-eabi-gcc" "ARCHIVER=arm-none-eabi-ar" "COMPILER_FLAGS=  -O2 -c" "EXTRA_COMPILER_FLAGS=-mcpu=cortex-a9 -mfpu=vfpv3 -mfloat-abi=hard -nostartfiles -Wall -Wextra"
"Compiling dmaps"
"Running Make libs in ps7_cortexa9_0/libsrc/gpio_v4_3/src"
make -C ps7_cortexa9_0/libsrc/gpio_v4_3/src -s libs  "SHELL=CMD" "COMPILER=arm-none-eabi-gcc" "ARCHIVER=arm-none-eabi-ar" "COMPILER_FLAGS=  -O2 -c" "EXTRA_COMPILER_FLAGS=-mcpu=cortex-a9 -mfpu=vfpv3 -mfloat-abi=hard -nostartfiles -Wall -Wextra"
"Compiling gpio"
"Running Make libs in ps7_cortexa9_0/libsrc/led_ip_v1_0/src"
make -C ps7_cortexa9_0/libsrc/led_ip_v1_0/src -s libs  "SHELL=CMD" "COMPILER=arm-none-eabi-gcc" "ARCHIVER=arm-none-eabi-ar" "COMPILER_FLAGS=  -O2 -c" "EXTRA_COMPILER_FLAGS=-mcpu=cortex-a9 -mfpu=vfpv3 -mfloat-abi=hard -nostartfiles -Wall -Wextra"
"Compiling led_ip..."
led_ip_selftest.c: In function 'LED_IP_Reg_SelfTest':
led_ip_selftest.c:52:55: warning: comparison between signed and unsigned integer expressions [-Wsign-compare]
    if ( LED_IP_mReadReg (baseaddr, read_loop_index*4) != (read_loop_index+1)*READ_WRITE_MUL_FACTOR){
                                                       ^~
led_ip_selftest.c:36:6: warning: unused variable 'Index' [-Wunused-variable]
  int Index;
      ^~~~~
"Running Make libs in ps7_cortexa9_0/libsrc/scugic_v3_8/src"
make -C ps7_cortexa9_0/libsrc/scugic_v3_8/src -s libs  "SHELL=CMD" "COMPILER=arm-none-eabi-gcc" "ARCHIVER=arm-none-eabi-ar" "COMPILER_FLAGS=  -O2 -c" "EXTRA_COMPILER_FLAGS=-mcpu=cortex-a9 -mfpu=vfpv3 -mfloat-abi=hard -nostartfiles -Wall -Wextra"
"Compiling scugic"
"Running Make libs in ps7_cortexa9_0/libsrc/scutimer_v2_1/src"
make -C ps7_cortexa9_0/libsrc/scutimer_v2_1/src -s libs  "SHELL=CMD" "COMPILER=arm-none-eabi-gcc" "ARCHIVER=arm-none-eabi-ar" "COMPILER_FLAGS=  -O2 -c" "EXTRA_COMPILER_FLAGS=-mcpu=cortex-a9 -mfpu=vfpv3 -mfloat-abi=hard -nostartfiles -Wall -Wextra"
"Compiling scutimer"
"Running Make libs in ps7_cortexa9_0/libsrc/scuwdt_v2_1/src"
make -C ps7_cortexa9_0/libsrc/scuwdt_v2_1/src -s libs  "SHELL=CMD" "COMPILER=arm-none-eabi-gcc" "ARCHIVER=arm-none-eabi-ar" "COMPILER_FLAGS=  -O2 -c" "EXTRA_COMPILER_FLAGS=-mcpu=cortex-a9 -mfpu=vfpv3 -mfloat-abi=hard -nostartfiles -Wall -Wextra"
"Compiling scuwdt"
"Running Make libs in ps7_cortexa9_0/libsrc/standalone_v6_5/src"
make -C ps7_cortexa9_0/libsrc/standalone_v6_5/src -s libs  "SHELL=CMD" "COMPILER=arm-none-eabi-gcc" "ARCHIVER=arm-none-eabi-ar" "COMPILER_FLAGS=  -O2 -c" "EXTRA_COMPILER_FLAGS=-mcpu=cortex-a9 -mfpu=vfpv3 -mfloat-abi=hard -nostartfiles -Wall -Wextra"
"Compiling standalone"
"Running Make libs in ps7_cortexa9_0/libsrc/uartps_v3_5/src"
make -C ps7_cortexa9_0/libsrc/uartps_v3_5/src -s libs  "SHELL=CMD" "COMPILER=arm-none-eabi-gcc" "ARCHIVER=arm-none-eabi-ar" "COMPILER_FLAGS=  -O2 -c" "EXTRA_COMPILER_FLAGS=-mcpu=cortex-a9 -mfpu=vfpv3 -mfloat-abi=hard -nostartfiles -Wall -Wextra"
"Compiling uartps"
"Running Make libs in ps7_cortexa9_0/libsrc/xadcps_v2_2/src"
make -C ps7_cortexa9_0/libsrc/xadcps_v2_2/src -s libs  "SHELL=CMD" "COMPILER=arm-none-eabi-gcc" "ARCHIVER=arm-none-eabi-ar" "COMPILER_FLAGS=  -O2 -c" "EXTRA_COMPILER_FLAGS=-mcpu=cortex-a9 -mfpu=vfpv3 -mfloat-abi=hard -nostartfiles -Wall -Wextra"
"Compiling xadcps"
'Finished building libraries'

**** Build of configuration Debug for project MemoryGame ****

Nothing to build for project MemoryGame
21:42:51 **** Auto Build of configuration Debug for project MemoryGame ****
make pre-build main-build 
a9-linaro-pre-build-step
' '
'Building file: ../src/code.c'
'Invoking: ARM v7 gcc compiler'
arm-none-eabi-gcc -Wall -O0 -g3 -c -fmessage-length=0 -MT"src/code.o" -mcpu=cortex-a9 -mfpu=vfpv3 -mfloat-abi=hard -I../../MemoryGame_bsp/ps7_cortexa9_0/include -MMD -MP -MF"src/code.d" -MT"src/code.o" -o "src/code.o" "../src/code.c"
'Finished building: ../src/code.c'
' '
'Building target: MemoryGame.elf'
'Invoking: ARM v7 gcc linker'
arm-none-eabi-gcc -mcpu=cortex-a9 -mfpu=vfpv3 -mfloat-abi=hard -Wl,-build-id=none -specs=Xilinx.spec -Wl,-T -Wl,../src/lscript.ld -L../../MemoryGame_bsp/ps7_cortexa9_0/lib -o "MemoryGame.elf"  ./src/code.o   -Wl,--start-group,-lxil,-lgcc,-lc,--end-group
'Finished building target: MemoryGame.elf'
' '
'Invoking: ARM v7 Print Size'
arm-none-eabi-size MemoryGame.elf  |tee "MemoryGame.elf.size"
   text	   data	    bss	    dec	    hex	filename
  30980	   2780	  22704	  56464	   dc90	MemoryGame.elf
'Finished building: MemoryGame.elf.size'
' '
21:42:53 **** Auto Build of configuration Debug for project MemoryGame ****
make pre-build main-build 
a9-linaro-pre-build-step
' '
make: Nothing to be done for `main-build'.
21:44:30 **** Auto Build of configuration Debug for project MemoryGame ****
make pre-build main-build 
a9-linaro-pre-build-step
' '
'Building file: ../src/code.c'
'Invoking: ARM v7 gcc compiler'
arm-none-eabi-gcc -Wall -O0 -g3 -c -fmessage-length=0 -MT"src/code.o" -mcpu=cortex-a9 -mfpu=vfpv3 -mfloat-abi=hard -I../../MemoryGame_bsp/ps7_cortexa9_0/include -MMD -MP -MF"src/code.d" -MT"src/code.o" -o "src/code.o" "../src/code.c"
'Finished building: ../src/code.c'
' '
'Building target: MemoryGame.elf'
'Invoking: ARM v7 gcc linker'
arm-none-eabi-gcc -mcpu=cortex-a9 -mfpu=vfpv3 -mfloat-abi=hard -Wl,-build-id=none -specs=Xilinx.spec -Wl,-T -Wl,../src/lscript.ld -L../../MemoryGame_bsp/ps7_cortexa9_0/lib -o "MemoryGame.elf"  ./src/code.o   -Wl,--start-group,-lxil,-lgcc,-lc,--end-group
'Finished building target: MemoryGame.elf'
' '
'Invoking: ARM v7 Print Size'
arm-none-eabi-size MemoryGame.elf  |tee "MemoryGame.elf.size"
   text	   data	    bss	    dec	    hex	filename
  30980	   2780	  22704	  56464	   dc90	MemoryGame.elf
'Finished building: MemoryGame.elf.size'
' '
21:46:23 **** Clean-only build of configuration Debug for project MemoryGame ****
make clean 
rm -rf  ./src/code.o  ./src/code.d  MemoryGame.elf.size  MemoryGame.elf
' '
21:46:24 **** Incremental Build of configuration Debug for project MemoryGame ****
make pre-build main-build 
a9-linaro-pre-build-step
' '
'Building file: ../src/code.c'
'Invoking: ARM v7 gcc compiler'
arm-none-eabi-gcc -Wall -O0 -g3 -c -fmessage-length=0 -MT"src/code.o" -mcpu=cortex-a9 -mfpu=vfpv3 -mfloat-abi=hard -I../../MemoryGame_bsp/ps7_cortexa9_0/include -MMD -MP -MF"src/code.d" -MT"src/code.o" -o "src/code.o" "../src/code.c"
'Finished building: ../src/code.c'
' '
'Building target: MemoryGame.elf'
'Invoking: ARM v7 gcc linker'
arm-none-eabi-gcc -mcpu=cortex-a9 -mfpu=vfpv3 -mfloat-abi=hard -Wl,-build-id=none -specs=Xilinx.spec -Wl,-T -Wl,../src/lscript.ld -L../../MemoryGame_bsp/ps7_cortexa9_0/lib -o "MemoryGame.elf"  ./src/code.o   -Wl,--start-group,-lxil,-lgcc,-lc,--end-group
'Finished building target: MemoryGame.elf'
' '
'Invoking: ARM v7 Print Size'
arm-none-eabi-size MemoryGame.elf  |tee "MemoryGame.elf.size"
   text	   data	    bss	    dec	    hex	filename
  30980	   2780	  22704	  56464	   dc90	MemoryGame.elf
'Finished building: MemoryGame.elf.size'
' '
21:47:22 **** Auto Build of configuration Debug for project MemoryGame ****
make pre-build main-build 
a9-linaro-pre-build-step
' '
'Building file: ../src/code.c'
'Invoking: ARM v7 gcc compiler'
arm-none-eabi-gcc -Wall -O0 -g3 -c -fmessage-length=0 -MT"src/code.o" -mcpu=cortex-a9 -mfpu=vfpv3 -mfloat-abi=hard -I../../MemoryGame_bsp/ps7_cortexa9_0/include -MMD -MP -MF"src/code.d" -MT"src/code.o" -o "src/code.o" "../src/code.c"
'Finished building: ../src/code.c'
' '
'Building target: MemoryGame.elf'
'Invoking: ARM v7 gcc linker'
arm-none-eabi-gcc -mcpu=cortex-a9 -mfpu=vfpv3 -mfloat-abi=hard -Wl,-build-id=none -specs=Xilinx.spec -Wl,-T -Wl,../src/lscript.ld -L../../MemoryGame_bsp/ps7_cortexa9_0/lib -o "MemoryGame.elf"  ./src/code.o   -Wl,--start-group,-lxil,-lgcc,-lc,--end-group
'Finished building target: MemoryGame.elf'
' '
'Invoking: ARM v7 Print Size'
arm-none-eabi-size MemoryGame.elf  |tee "MemoryGame.elf.size"
   text	   data	    bss	    dec	    hex	filename
  30980	   2780	  22704	  56464	   dc90	MemoryGame.elf
'Finished building: MemoryGame.elf.size'
' '
21:47:24 **** Incremental Build of configuration Debug for project MemoryGame ****
make pre-build main-build 
a9-linaro-pre-build-step
' '
make: Nothing to be done for `main-build'.
21:47:41 **** Auto Build of configuration Debug for project MemoryGame ****
make pre-build main-build 
a9-linaro-pre-build-step
' '
'Building file: ../src/code.c'
'Invoking: ARM v7 gcc compiler'
arm-none-eabi-gcc -Wall -O0 -g3 -c -fmessage-length=0 -MT"src/code.o" -mcpu=cortex-a9 -mfpu=vfpv3 -mfloat-abi=hard -I../../MemoryGame_bsp/ps7_cortexa9_0/include -MMD -MP -MF"src/code.d" -MT"src/code.o" -o "src/code.o" "../src/code.c"
'Finished building: ../src/code.c'
' '
'Building target: MemoryGame.elf'
'Invoking: ARM v7 gcc linker'
arm-none-eabi-gcc -mcpu=cortex-a9 -mfpu=vfpv3 -mfloat-abi=hard -Wl,-build-id=none -specs=Xilinx.spec -Wl,-T -Wl,../src/lscript.ld -L../../MemoryGame_bsp/ps7_cortexa9_0/lib -o "MemoryGame.elf"  ./src/code.o   -Wl,--start-group,-lxil,-lgcc,-lc,--end-group
'Finished building target: MemoryGame.elf'
' '
'Invoking: ARM v7 Print Size'
arm-none-eabi-size MemoryGame.elf  |tee "MemoryGame.elf.size"
   text	   data	    bss	    dec	    hex	filename
  30980	   2780	  22704	  56464	   dc90	MemoryGame.elf
'Finished building: MemoryGame.elf.size'
' '
21:48:36 **** Auto Build of configuration Debug for project MemoryGame ****
make pre-build main-build 
a9-linaro-pre-build-step
' '
'Building file: ../src/code.c'
'Invoking: ARM v7 gcc compiler'
arm-none-eabi-gcc -Wall -O0 -g3 -c -fmessage-length=0 -MT"src/code.o" -mcpu=cortex-a9 -mfpu=vfpv3 -mfloat-abi=hard -I../../MemoryGame_bsp/ps7_cortexa9_0/include -MMD -MP -MF"src/code.d" -MT"src/code.o" -o "src/code.o" "../src/code.c"
'Finished building: ../src/code.c'
' '
'Building target: MemoryGame.elf'
'Invoking: ARM v7 gcc linker'
arm-none-eabi-gcc -mcpu=cortex-a9 -mfpu=vfpv3 -mfloat-abi=hard -Wl,-build-id=none -specs=Xilinx.spec -Wl,-T -Wl,../src/lscript.ld -L../../MemoryGame_bsp/ps7_cortexa9_0/lib -o "MemoryGame.elf"  ./src/code.o   -Wl,--start-group,-lxil,-lgcc,-lc,--end-group
'Finished building target: MemoryGame.elf'
' '
'Invoking: ARM v7 Print Size'
arm-none-eabi-size MemoryGame.elf  |tee "MemoryGame.elf.size"
   text	   data	    bss	    dec	    hex	filename
  30980	   2780	  22704	  56464	   dc90	MemoryGame.elf
'Finished building: MemoryGame.elf.size'
' '
21:48:44 **** Incremental Build of configuration Debug for project MemoryGame ****
make pre-build main-build 
a9-linaro-pre-build-step
' '
make: Nothing to be done for `main-build'.
21:49:25 **** Auto Build of configuration Debug for project MemoryGame ****
make pre-build main-build 
a9-linaro-pre-build-step
' '
'Building file: ../src/code.c'
'Invoking: ARM v7 gcc compiler'
arm-none-eabi-gcc -Wall -O0 -g3 -c -fmessage-length=0 -MT"src/code.o" -mcpu=cortex-a9 -mfpu=vfpv3 -mfloat-abi=hard -I../../MemoryGame_bsp/ps7_cortexa9_0/include -MMD -MP -MF"src/code.d" -MT"src/code.o" -o "src/code.o" "../src/code.c"
'Finished building: ../src/code.c'
' '
'Building target: MemoryGame.elf'
'Invoking: ARM v7 gcc linker'
arm-none-eabi-gcc -mcpu=cortex-a9 -mfpu=vfpv3 -mfloat-abi=hard -Wl,-build-id=none -specs=Xilinx.spec -Wl,-T -Wl,../src/lscript.ld -L../../MemoryGame_bsp/ps7_cortexa9_0/lib -o "MemoryGame.elf"  ./src/code.o   -Wl,--start-group,-lxil,-lgcc,-lc,--end-group
'Finished building target: MemoryGame.elf'
' '
'Invoking: ARM v7 Print Size'
arm-none-eabi-size MemoryGame.elf  |tee "MemoryGame.elf.size"
   text	   data	    bss	    dec	    hex	filename
  30980	   2780	  22704	  56464	   dc90	MemoryGame.elf
'Finished building: MemoryGame.elf.size'
' '
21:49:32 **** Incremental Build of configuration Debug for project MemoryGame ****
make pre-build main-build 
a9-linaro-pre-build-step
' '
make: Nothing to be done for `main-build'.
21:51:03 **** Incremental Build of configuration Debug for project MemoryGame ****
make pre-build main-build 
a9-linaro-pre-build-step
' '
make: Nothing to be done for `main-build'.
21:52:38 **** Auto Build of configuration Debug for project MemoryGame ****
make pre-build main-build 
a9-linaro-pre-build-step
' '
'Building file: ../src/code.c'
'Invoking: ARM v7 gcc compiler'
arm-none-eabi-gcc -Wall -O0 -g3 -c -fmessage-length=0 -MT"src/code.o" -mcpu=cortex-a9 -mfpu=vfpv3 -mfloat-abi=hard -I../../MemoryGame_bsp/ps7_cortexa9_0/include -MMD -MP -MF"src/code.d" -MT"src/code.o" -o "src/code.o" "../src/code.c"
'Finished building: ../src/code.c'
' '
'Building target: MemoryGame.elf'
'Invoking: ARM v7 gcc linker'
arm-none-eabi-gcc -mcpu=cortex-a9 -mfpu=vfpv3 -mfloat-abi=hard -Wl,-build-id=none -specs=Xilinx.spec -Wl,-T -Wl,../src/lscript.ld -L../../MemoryGame_bsp/ps7_cortexa9_0/lib -o "MemoryGame.elf"  ./src/code.o   -Wl,--start-group,-lxil,-lgcc,-lc,--end-group
'Finished building target: MemoryGame.elf'
' '
'Invoking: ARM v7 Print Size'
arm-none-eabi-size MemoryGame.elf  |tee "MemoryGame.elf.size"
   text	   data	    bss	    dec	    hex	filename
  30980	   2780	  22704	  56464	   dc90	MemoryGame.elf
'Finished building: MemoryGame.elf.size'
' '
21:52:47 **** Incremental Build of configuration Debug for project MemoryGame ****
make pre-build main-build 
a9-linaro-pre-build-step
' '
make: Nothing to be done for `main-build'.
21:52:59 **** Auto Build of configuration Debug for project MemoryGame ****
make pre-build main-build 
a9-linaro-pre-build-step
' '
'Building file: ../src/code.c'
'Invoking: ARM v7 gcc compiler'
arm-none-eabi-gcc -Wall -O0 -g3 -c -fmessage-length=0 -MT"src/code.o" -mcpu=cortex-a9 -mfpu=vfpv3 -mfloat-abi=hard -I../../MemoryGame_bsp/ps7_cortexa9_0/include -MMD -MP -MF"src/code.d" -MT"src/code.o" -o "src/code.o" "../src/code.c"
'Finished building: ../src/code.c'
' '
'Building target: MemoryGame.elf'
'Invoking: ARM v7 gcc linker'
arm-none-eabi-gcc -mcpu=cortex-a9 -mfpu=vfpv3 -mfloat-abi=hard -Wl,-build-id=none -specs=Xilinx.spec -Wl,-T -Wl,../src/lscript.ld -L../../MemoryGame_bsp/ps7_cortexa9_0/lib -o "MemoryGame.elf"  ./src/code.o   -Wl,--start-group,-lxil,-lgcc,-lc,--end-group
'Finished building target: MemoryGame.elf'
' '
'Invoking: ARM v7 Print Size'
arm-none-eabi-size MemoryGame.elf  |tee "MemoryGame.elf.size"
   text	   data	    bss	    dec	    hex	filename
  30980	   2780	  22704	  56464	   dc90	MemoryGame.elf
'Finished building: MemoryGame.elf.size'
' '
21:53:03 **** Incremental Build of configuration Debug for project MemoryGame ****
make pre-build main-build 
a9-linaro-pre-build-step
' '
make: Nothing to be done for `main-build'.
21:53:14 **** Auto Build of configuration Debug for project MemoryGame ****
make pre-build main-build 
a9-linaro-pre-build-step
' '
'Building file: ../src/code.c'
'Invoking: ARM v7 gcc compiler'
arm-none-eabi-gcc -Wall -O0 -g3 -c -fmessage-length=0 -MT"src/code.o" -mcpu=cortex-a9 -mfpu=vfpv3 -mfloat-abi=hard -I../../MemoryGame_bsp/ps7_cortexa9_0/include -MMD -MP -MF"src/code.d" -MT"src/code.o" -o "src/code.o" "../src/code.c"
'Finished building: ../src/code.c'
' '
'Building target: MemoryGame.elf'
'Invoking: ARM v7 gcc linker'
arm-none-eabi-gcc -mcpu=cortex-a9 -mfpu=vfpv3 -mfloat-abi=hard -Wl,-build-id=none -specs=Xilinx.spec -Wl,-T -Wl,../src/lscript.ld -L../../MemoryGame_bsp/ps7_cortexa9_0/lib -o "MemoryGame.elf"  ./src/code.o   -Wl,--start-group,-lxil,-lgcc,-lc,--end-group
'Finished building target: MemoryGame.elf'
' '
'Invoking: ARM v7 Print Size'
arm-none-eabi-size MemoryGame.elf  |tee "MemoryGame.elf.size"
   text	   data	    bss	    dec	    hex	filename
  30980	   2780	  22704	  56464	   dc90	MemoryGame.elf
'Finished building: MemoryGame.elf.size'
' '
21:53:18 **** Incremental Build of configuration Debug for project MemoryGame ****
make pre-build main-build 
a9-linaro-pre-build-step
' '
make: Nothing to be done for `main-build'.
21:53:41 **** Incremental Build of configuration Debug for project MemoryGame ****
make pre-build main-build 
a9-linaro-pre-build-step
' '
make: Nothing to be done for `main-build'.
21:54:16 **** Incremental Build of configuration Debug for project MemoryGame ****
make pre-build main-build 
a9-linaro-pre-build-step
' '
make: Nothing to be done for `main-build'.
21:55:06 **** Auto Build of configuration Debug for project MemoryGame ****
make pre-build main-build 
a9-linaro-pre-build-step
' '
'Building file: ../src/code.c'
'Invoking: ARM v7 gcc compiler'
arm-none-eabi-gcc -Wall -O0 -g3 -c -fmessage-length=0 -MT"src/code.o" -mcpu=cortex-a9 -mfpu=vfpv3 -mfloat-abi=hard -I../../MemoryGame_bsp/ps7_cortexa9_0/include -MMD -MP -MF"src/code.d" -MT"src/code.o" -o "src/code.o" "../src/code.c"
'Finished building: ../src/code.c'
' '
'Building target: MemoryGame.elf'
'Invoking: ARM v7 gcc linker'
arm-none-eabi-gcc -mcpu=cortex-a9 -mfpu=vfpv3 -mfloat-abi=hard -Wl,-build-id=none -specs=Xilinx.spec -Wl,-T -Wl,../src/lscript.ld -L../../MemoryGame_bsp/ps7_cortexa9_0/lib -o "MemoryGame.elf"  ./src/code.o   -Wl,--start-group,-lxil,-lgcc,-lc,--end-group
'Finished building target: MemoryGame.elf'
' '
'Invoking: ARM v7 Print Size'
arm-none-eabi-size MemoryGame.elf  |tee "MemoryGame.elf.size"
   text	   data	    bss	    dec	    hex	filename
  30980	   2780	  22704	  56464	   dc90	MemoryGame.elf
'Finished building: MemoryGame.elf.size'
' '
21:55:29 **** Auto Build of configuration Debug for project MemoryGame ****
make pre-build main-build 
a9-linaro-pre-build-step
' '
'Building file: ../src/code.c'
'Invoking: ARM v7 gcc compiler'
arm-none-eabi-gcc -Wall -O0 -g3 -c -fmessage-length=0 -MT"src/code.o" -mcpu=cortex-a9 -mfpu=vfpv3 -mfloat-abi=hard -I../../MemoryGame_bsp/ps7_cortexa9_0/include -MMD -MP -MF"src/code.d" -MT"src/code.o" -o "src/code.o" "../src/code.c"
../src/code.c:28:9: error: macro names must be identifiers
 #define 0b0000000
         ^~~~~~~~~
make: *** [src/code.o] Error 1
21:56:21 **** Auto Build of configuration Debug for project MemoryGame ****
make pre-build main-build 
a9-linaro-pre-build-step
' '
'Building file: ../src/code.c'
'Invoking: ARM v7 gcc compiler'
arm-none-eabi-gcc -Wall -O0 -g3 -c -fmessage-length=0 -MT"src/code.o" -mcpu=cortex-a9 -mfpu=vfpv3 -mfloat-abi=hard -I../../MemoryGame_bsp/ps7_cortexa9_0/include -MMD -MP -MF"src/code.d" -MT"src/code.o" -o "src/code.o" "../src/code.c"
'Finished building: ../src/code.c'
' '
'Building target: MemoryGame.elf'
'Invoking: ARM v7 gcc linker'
arm-none-eabi-gcc -mcpu=cortex-a9 -mfpu=vfpv3 -mfloat-abi=hard -Wl,-build-id=none -specs=Xilinx.spec -Wl,-T -Wl,../src/lscript.ld -L../../MemoryGame_bsp/ps7_cortexa9_0/lib -o "MemoryGame.elf"  ./src/code.o   -Wl,--start-group,-lxil,-lgcc,-lc,--end-group
'Finished building target: MemoryGame.elf'
' '
'Invoking: ARM v7 Print Size'
arm-none-eabi-size MemoryGame.elf  |tee "MemoryGame.elf.size"
   text	   data	    bss	    dec	    hex	filename
  30980	   2780	  22704	  56464	   dc90	MemoryGame.elf
'Finished building: MemoryGame.elf.size'
' '
21:56:43 **** Auto Build of configuration Debug for project MemoryGame ****
make pre-build main-build 
a9-linaro-pre-build-step
' '
'Building file: ../src/code.c'
'Invoking: ARM v7 gcc compiler'
arm-none-eabi-gcc -Wall -O0 -g3 -c -fmessage-length=0 -MT"src/code.o" -mcpu=cortex-a9 -mfpu=vfpv3 -mfloat-abi=hard -I../../MemoryGame_bsp/ps7_cortexa9_0/include -MMD -MP -MF"src/code.d" -MT"src/code.o" -o "src/code.o" "../src/code.c"
'Finished building: ../src/code.c'
' '
'Building target: MemoryGame.elf'
'Invoking: ARM v7 gcc linker'
arm-none-eabi-gcc -mcpu=cortex-a9 -mfpu=vfpv3 -mfloat-abi=hard -Wl,-build-id=none -specs=Xilinx.spec -Wl,-T -Wl,../src/lscript.ld -L../../MemoryGame_bsp/ps7_cortexa9_0/lib -o "MemoryGame.elf"  ./src/code.o   -Wl,--start-group,-lxil,-lgcc,-lc,--end-group
'Finished building target: MemoryGame.elf'
' '
'Invoking: ARM v7 Print Size'
arm-none-eabi-size MemoryGame.elf  |tee "MemoryGame.elf.size"
   text	   data	    bss	    dec	    hex	filename
  30980	   2780	  22704	  56464	   dc90	MemoryGame.elf
'Finished building: MemoryGame.elf.size'
' '
21:57:07 **** Auto Build of configuration Debug for project MemoryGame ****
make pre-build main-build 
a9-linaro-pre-build-step
' '
'Building file: ../src/code.c'
'Invoking: ARM v7 gcc compiler'
arm-none-eabi-gcc -Wall -O0 -g3 -c -fmessage-length=0 -MT"src/code.o" -mcpu=cortex-a9 -mfpu=vfpv3 -mfloat-abi=hard -I../../MemoryGame_bsp/ps7_cortexa9_0/include -MMD -MP -MF"src/code.d" -MT"src/code.o" -o "src/code.o" "../src/code.c"
'Finished building: ../src/code.c'
' '
'Building target: MemoryGame.elf'
'Invoking: ARM v7 gcc linker'
arm-none-eabi-gcc -mcpu=cortex-a9 -mfpu=vfpv3 -mfloat-abi=hard -Wl,-build-id=none -specs=Xilinx.spec -Wl,-T -Wl,../src/lscript.ld -L../../MemoryGame_bsp/ps7_cortexa9_0/lib -o "MemoryGame.elf"  ./src/code.o   -Wl,--start-group,-lxil,-lgcc,-lc,--end-group
'Finished building target: MemoryGame.elf'
' '
'Invoking: ARM v7 Print Size'
arm-none-eabi-size MemoryGame.elf  |tee "MemoryGame.elf.size"
   text	   data	    bss	    dec	    hex	filename
  30980	   2780	  22704	  56464	   dc90	MemoryGame.elf
'Finished building: MemoryGame.elf.size'
' '
21:57:43 **** Auto Build of configuration Debug for project MemoryGame ****
make pre-build main-build 
a9-linaro-pre-build-step
' '
'Building file: ../src/code.c'
'Invoking: ARM v7 gcc compiler'
arm-none-eabi-gcc -Wall -O0 -g3 -c -fmessage-length=0 -MT"src/code.o" -mcpu=cortex-a9 -mfpu=vfpv3 -mfloat-abi=hard -I../../MemoryGame_bsp/ps7_cortexa9_0/include -MMD -MP -MF"src/code.d" -MT"src/code.o" -o "src/code.o" "../src/code.c"
'Finished building: ../src/code.c'
' '
'Building target: MemoryGame.elf'
'Invoking: ARM v7 gcc linker'
arm-none-eabi-gcc -mcpu=cortex-a9 -mfpu=vfpv3 -mfloat-abi=hard -Wl,-build-id=none -specs=Xilinx.spec -Wl,-T -Wl,../src/lscript.ld -L../../MemoryGame_bsp/ps7_cortexa9_0/lib -o "MemoryGame.elf"  ./src/code.o   -Wl,--start-group,-lxil,-lgcc,-lc,--end-group
'Finished building target: MemoryGame.elf'
' '
'Invoking: ARM v7 Print Size'
arm-none-eabi-size MemoryGame.elf  |tee "MemoryGame.elf.size"
   text	   data	    bss	    dec	    hex	filename
  30980	   2780	  22704	  56464	   dc90	MemoryGame.elf
'Finished building: MemoryGame.elf.size'
' '
21:58:10 **** Auto Build of configuration Debug for project MemoryGame ****
make pre-build main-build 
a9-linaro-pre-build-step
' '
'Building file: ../src/code.c'
'Invoking: ARM v7 gcc compiler'
arm-none-eabi-gcc -Wall -O0 -g3 -c -fmessage-length=0 -MT"src/code.o" -mcpu=cortex-a9 -mfpu=vfpv3 -mfloat-abi=hard -I../../MemoryGame_bsp/ps7_cortexa9_0/include -MMD -MP -MF"src/code.d" -MT"src/code.o" -o "src/code.o" "../src/code.c"
'Finished building: ../src/code.c'
' '
'Building target: MemoryGame.elf'
'Invoking: ARM v7 gcc linker'
arm-none-eabi-gcc -mcpu=cortex-a9 -mfpu=vfpv3 -mfloat-abi=hard -Wl,-build-id=none -specs=Xilinx.spec -Wl,-T -Wl,../src/lscript.ld -L../../MemoryGame_bsp/ps7_cortexa9_0/lib -o "MemoryGame.elf"  ./src/code.o   -Wl,--start-group,-lxil,-lgcc,-lc,--end-group
'Finished building target: MemoryGame.elf'
' '
'Invoking: ARM v7 Print Size'
arm-none-eabi-size MemoryGame.elf  |tee "MemoryGame.elf.size"
   text	   data	    bss	    dec	    hex	filename
  30980	   2780	  22704	  56464	   dc90	MemoryGame.elf
'Finished building: MemoryGame.elf.size'
' '
21:58:16 **** Incremental Build of configuration Debug for project MemoryGame ****
make pre-build main-build 
a9-linaro-pre-build-step
' '
make: Nothing to be done for `main-build'.
21:58:48 **** Auto Build of configuration Debug for project MemoryGame ****
make pre-build main-build 
a9-linaro-pre-build-step
' '
'Building file: ../src/code.c'
'Invoking: ARM v7 gcc compiler'
arm-none-eabi-gcc -Wall -O0 -g3 -c -fmessage-length=0 -MT"src/code.o" -mcpu=cortex-a9 -mfpu=vfpv3 -mfloat-abi=hard -I../../MemoryGame_bsp/ps7_cortexa9_0/include -MMD -MP -MF"src/code.d" -MT"src/code.o" -o "src/code.o" "../src/code.c"
'Finished building: ../src/code.c'
' '
'Building target: MemoryGame.elf'
'Invoking: ARM v7 gcc linker'
arm-none-eabi-gcc -mcpu=cortex-a9 -mfpu=vfpv3 -mfloat-abi=hard -Wl,-build-id=none -specs=Xilinx.spec -Wl,-T -Wl,../src/lscript.ld -L../../MemoryGame_bsp/ps7_cortexa9_0/lib -o "MemoryGame.elf"  ./src/code.o   -Wl,--start-group,-lxil,-lgcc,-lc,--end-group
'Finished building target: MemoryGame.elf'
' '
'Invoking: ARM v7 Print Size'
arm-none-eabi-size MemoryGame.elf  |tee "MemoryGame.elf.size"
   text	   data	    bss	    dec	    hex	filename
  30980	   2780	  22704	  56464	   dc90	MemoryGame.elf
'Finished building: MemoryGame.elf.size'
' '
21:59:12 **** Auto Build of configuration Debug for project MemoryGame ****
make pre-build main-build 
a9-linaro-pre-build-step
' '
'Building file: ../src/code.c'
'Invoking: ARM v7 gcc compiler'
arm-none-eabi-gcc -Wall -O0 -g3 -c -fmessage-length=0 -MT"src/code.o" -mcpu=cortex-a9 -mfpu=vfpv3 -mfloat-abi=hard -I../../MemoryGame_bsp/ps7_cortexa9_0/include -MMD -MP -MF"src/code.d" -MT"src/code.o" -o "src/code.o" "../src/code.c"
'Finished building: ../src/code.c'
' '
'Building target: MemoryGame.elf'
'Invoking: ARM v7 gcc linker'
arm-none-eabi-gcc -mcpu=cortex-a9 -mfpu=vfpv3 -mfloat-abi=hard -Wl,-build-id=none -specs=Xilinx.spec -Wl,-T -Wl,../src/lscript.ld -L../../MemoryGame_bsp/ps7_cortexa9_0/lib -o "MemoryGame.elf"  ./src/code.o   -Wl,--start-group,-lxil,-lgcc,-lc,--end-group
'Finished building target: MemoryGame.elf'
' '
'Invoking: ARM v7 Print Size'
arm-none-eabi-size MemoryGame.elf  |tee "MemoryGame.elf.size"
   text	   data	    bss	    dec	    hex	filename
  30980	   2780	  22704	  56464	   dc90	MemoryGame.elf
'Finished building: MemoryGame.elf.size'
' '
21:59:15 **** Incremental Build of configuration Debug for project MemoryGame ****
make pre-build main-build 
a9-linaro-pre-build-step
' '
make: Nothing to be done for `main-build'.
21:59:41 **** Auto Build of configuration Debug for project MemoryGame ****
make pre-build main-build 
a9-linaro-pre-build-step
' '
'Building file: ../src/code.c'
'Invoking: ARM v7 gcc compiler'
arm-none-eabi-gcc -Wall -O0 -g3 -c -fmessage-length=0 -MT"src/code.o" -mcpu=cortex-a9 -mfpu=vfpv3 -mfloat-abi=hard -I../../MemoryGame_bsp/ps7_cortexa9_0/include -MMD -MP -MF"src/code.d" -MT"src/code.o" -o "src/code.o" "../src/code.c"
'Finished building: ../src/code.c'
' '
'Building target: MemoryGame.elf'
'Invoking: ARM v7 gcc linker'
arm-none-eabi-gcc -mcpu=cortex-a9 -mfpu=vfpv3 -mfloat-abi=hard -Wl,-build-id=none -specs=Xilinx.spec -Wl,-T -Wl,../src/lscript.ld -L../../MemoryGame_bsp/ps7_cortexa9_0/lib -o "MemoryGame.elf"  ./src/code.o   -Wl,--start-group,-lxil,-lgcc,-lc,--end-group
'Finished building target: MemoryGame.elf'
' '
'Invoking: ARM v7 Print Size'
arm-none-eabi-size MemoryGame.elf  |tee "MemoryGame.elf.size"
   text	   data	    bss	    dec	    hex	filename
  30980	   2780	  22704	  56464	   dc90	MemoryGame.elf
'Finished building: MemoryGame.elf.size'
' '
22:00:57 **** Auto Build of configuration Debug for project MemoryGame ****
make pre-build main-build 
a9-linaro-pre-build-step
' '
'Building file: ../src/code.c'
'Invoking: ARM v7 gcc compiler'
arm-none-eabi-gcc -Wall -O0 -g3 -c -fmessage-length=0 -MT"src/code.o" -mcpu=cortex-a9 -mfpu=vfpv3 -mfloat-abi=hard -I../../MemoryGame_bsp/ps7_cortexa9_0/include -MMD -MP -MF"src/code.d" -MT"src/code.o" -o "src/code.o" "../src/code.c"
'Finished building: ../src/code.c'
' '
'Building target: MemoryGame.elf'
'Invoking: ARM v7 gcc linker'
arm-none-eabi-gcc -mcpu=cortex-a9 -mfpu=vfpv3 -mfloat-abi=hard -Wl,-build-id=none -specs=Xilinx.spec -Wl,-T -Wl,../src/lscript.ld -L../../MemoryGame_bsp/ps7_cortexa9_0/lib -o "MemoryGame.elf"  ./src/code.o   -Wl,--start-group,-lxil,-lgcc,-lc,--end-group
'Finished building target: MemoryGame.elf'
' '
'Invoking: ARM v7 Print Size'
arm-none-eabi-size MemoryGame.elf  |tee "MemoryGame.elf.size"
   text	   data	    bss	    dec	    hex	filename
  30980	   2780	  22704	  56464	   dc90	MemoryGame.elf
'Finished building: MemoryGame.elf.size'
' '
22:00:59 **** Incremental Build of configuration Debug for project MemoryGame ****
make pre-build main-build 
a9-linaro-pre-build-step
' '
make: Nothing to be done for `main-build'.
22:01:25 **** Incremental Build of configuration Debug for project MemoryGame ****
make pre-build main-build 
a9-linaro-pre-build-step
' '
make: Nothing to be done for `main-build'.
22:02:03 **** Incremental Build of configuration Debug for project MemoryGame ****
make pre-build main-build 
a9-linaro-pre-build-step
' '
make: Nothing to be done for `main-build'.
22:02:56 **** Auto Build of configuration Debug for project MemoryGame ****
make pre-build main-build 
a9-linaro-pre-build-step
' '
'Building file: ../src/code.c'
'Invoking: ARM v7 gcc compiler'
arm-none-eabi-gcc -Wall -O0 -g3 -c -fmessage-length=0 -MT"src/code.o" -mcpu=cortex-a9 -mfpu=vfpv3 -mfloat-abi=hard -I../../MemoryGame_bsp/ps7_cortexa9_0/include -MMD -MP -MF"src/code.d" -MT"src/code.o" -o "src/code.o" "../src/code.c"
'Finished building: ../src/code.c'
' '
'Building target: MemoryGame.elf'
'Invoking: ARM v7 gcc linker'
arm-none-eabi-gcc -mcpu=cortex-a9 -mfpu=vfpv3 -mfloat-abi=hard -Wl,-build-id=none -specs=Xilinx.spec -Wl,-T -Wl,../src/lscript.ld -L../../MemoryGame_bsp/ps7_cortexa9_0/lib -o "MemoryGame.elf"  ./src/code.o   -Wl,--start-group,-lxil,-lgcc,-lc,--end-group
'Finished building target: MemoryGame.elf'
' '
'Invoking: ARM v7 Print Size'
arm-none-eabi-size MemoryGame.elf  |tee "MemoryGame.elf.size"
   text	   data	    bss	    dec	    hex	filename
  30980	   2780	  22704	  56464	   dc90	MemoryGame.elf
'Finished building: MemoryGame.elf.size'
' '
22:02:59 **** Auto Build of configuration Debug for project MemoryGame ****
make pre-build main-build 
a9-linaro-pre-build-step
' '
'Building file: ../src/code.c'
'Invoking: ARM v7 gcc compiler'
arm-none-eabi-gcc -Wall -O0 -g3 -c -fmessage-length=0 -MT"src/code.o" -mcpu=cortex-a9 -mfpu=vfpv3 -mfloat-abi=hard -I../../MemoryGame_bsp/ps7_cortexa9_0/include -MMD -MP -MF"src/code.d" -MT"src/code.o" -o "src/code.o" "../src/code.c"
'Finished building: ../src/code.c'
' '
'Building target: MemoryGame.elf'
'Invoking: ARM v7 gcc linker'
arm-none-eabi-gcc -mcpu=cortex-a9 -mfpu=vfpv3 -mfloat-abi=hard -Wl,-build-id=none -specs=Xilinx.spec -Wl,-T -Wl,../src/lscript.ld -L../../MemoryGame_bsp/ps7_cortexa9_0/lib -o "MemoryGame.elf"  ./src/code.o   -Wl,--start-group,-lxil,-lgcc,-lc,--end-group
'Finished building target: MemoryGame.elf'
' '
'Invoking: ARM v7 Print Size'
arm-none-eabi-size MemoryGame.elf  |tee "MemoryGame.elf.size"
   text	   data	    bss	    dec	    hex	filename
  30980	   2780	  22704	  56464	   dc90	MemoryGame.elf
'Finished building: MemoryGame.elf.size'
' '
22:03:16 **** Incremental Build of configuration Debug for project MemoryGame ****
make pre-build main-build 
a9-linaro-pre-build-step
' '
make: Nothing to be done for `main-build'.
22:03:24 **** Auto Build of configuration Debug for project MemoryGame ****
make pre-build main-build 
a9-linaro-pre-build-step
' '
'Building file: ../src/code.c'
'Invoking: ARM v7 gcc compiler'
arm-none-eabi-gcc -Wall -O0 -g3 -c -fmessage-length=0 -MT"src/code.o" -mcpu=cortex-a9 -mfpu=vfpv3 -mfloat-abi=hard -I../../MemoryGame_bsp/ps7_cortexa9_0/include -MMD -MP -MF"src/code.d" -MT"src/code.o" -o "src/code.o" "../src/code.c"
'Finished building: ../src/code.c'
' '
'Building target: MemoryGame.elf'
'Invoking: ARM v7 gcc linker'
arm-none-eabi-gcc -mcpu=cortex-a9 -mfpu=vfpv3 -mfloat-abi=hard -Wl,-build-id=none -specs=Xilinx.spec -Wl,-T -Wl,../src/lscript.ld -L../../MemoryGame_bsp/ps7_cortexa9_0/lib -o "MemoryGame.elf"  ./src/code.o   -Wl,--start-group,-lxil,-lgcc,-lc,--end-group
'Finished building target: MemoryGame.elf'
' '
'Invoking: ARM v7 Print Size'
arm-none-eabi-size MemoryGame.elf  |tee "MemoryGame.elf.size"
   text	   data	    bss	    dec	    hex	filename
  30980	   2780	  22704	  56464	   dc90	MemoryGame.elf
'Finished building: MemoryGame.elf.size'
' '
22:03:27 **** Incremental Build of configuration Debug for project MemoryGame ****
make pre-build main-build 
a9-linaro-pre-build-step
' '
make: Nothing to be done for `main-build'.
22:03:34 **** Auto Build of configuration Debug for project MemoryGame ****
make pre-build main-build 
a9-linaro-pre-build-step
' '
'Building file: ../src/code.c'
'Invoking: ARM v7 gcc compiler'
arm-none-eabi-gcc -Wall -O0 -g3 -c -fmessage-length=0 -MT"src/code.o" -mcpu=cortex-a9 -mfpu=vfpv3 -mfloat-abi=hard -I../../MemoryGame_bsp/ps7_cortexa9_0/include -MMD -MP -MF"src/code.d" -MT"src/code.o" -o "src/code.o" "../src/code.c"
'Finished building: ../src/code.c'
' '
'Building target: MemoryGame.elf'
'Invoking: ARM v7 gcc linker'
arm-none-eabi-gcc -mcpu=cortex-a9 -mfpu=vfpv3 -mfloat-abi=hard -Wl,-build-id=none -specs=Xilinx.spec -Wl,-T -Wl,../src/lscript.ld -L../../MemoryGame_bsp/ps7_cortexa9_0/lib -o "MemoryGame.elf"  ./src/code.o   -Wl,--start-group,-lxil,-lgcc,-lc,--end-group
'Finished building target: MemoryGame.elf'
' '
'Invoking: ARM v7 Print Size'
arm-none-eabi-size MemoryGame.elf  |tee "MemoryGame.elf.size"
   text	   data	    bss	    dec	    hex	filename
  30980	   2780	  22704	  56464	   dc90	MemoryGame.elf
'Finished building: MemoryGame.elf.size'
' '
22:03:37 **** Incremental Build of configuration Debug for project MemoryGame ****
make pre-build main-build 
a9-linaro-pre-build-step
' '
make: Nothing to be done for `main-build'.
22:04:14 **** Incremental Build of configuration Debug for project MemoryGame ****
make pre-build main-build 
a9-linaro-pre-build-step
' '
make: Nothing to be done for `main-build'.
22:04:21 **** Auto Build of configuration Debug for project MemoryGame ****
make pre-build main-build 
a9-linaro-pre-build-step
' '
'Building file: ../src/code.c'
'Invoking: ARM v7 gcc compiler'
arm-none-eabi-gcc -Wall -O0 -g3 -c -fmessage-length=0 -MT"src/code.o" -mcpu=cortex-a9 -mfpu=vfpv3 -mfloat-abi=hard -I../../MemoryGame_bsp/ps7_cortexa9_0/include -MMD -MP -MF"src/code.d" -MT"src/code.o" -o "src/code.o" "../src/code.c"
'Finished building: ../src/code.c'
' '
'Building target: MemoryGame.elf'
'Invoking: ARM v7 gcc linker'
arm-none-eabi-gcc -mcpu=cortex-a9 -mfpu=vfpv3 -mfloat-abi=hard -Wl,-build-id=none -specs=Xilinx.spec -Wl,-T -Wl,../src/lscript.ld -L../../MemoryGame_bsp/ps7_cortexa9_0/lib -o "MemoryGame.elf"  ./src/code.o   -Wl,--start-group,-lxil,-lgcc,-lc,--end-group
'Finished building target: MemoryGame.elf'
' '
'Invoking: ARM v7 Print Size'
arm-none-eabi-size MemoryGame.elf  |tee "MemoryGame.elf.size"
   text	   data	    bss	    dec	    hex	filename
  30980	   2780	  22704	  56464	   dc90	MemoryGame.elf
'Finished building: MemoryGame.elf.size'
' '
22:04:25 **** Incremental Build of configuration Debug for project MemoryGame ****
make pre-build main-build 
a9-linaro-pre-build-step
' '
make: Nothing to be done for `main-build'.
22:04:39 **** Auto Build of configuration Debug for project MemoryGame ****
make pre-build main-build 
a9-linaro-pre-build-step
' '
'Building file: ../src/code.c'
'Invoking: ARM v7 gcc compiler'
arm-none-eabi-gcc -Wall -O0 -g3 -c -fmessage-length=0 -MT"src/code.o" -mcpu=cortex-a9 -mfpu=vfpv3 -mfloat-abi=hard -I../../MemoryGame_bsp/ps7_cortexa9_0/include -MMD -MP -MF"src/code.d" -MT"src/code.o" -o "src/code.o" "../src/code.c"
'Finished building: ../src/code.c'
' '
'Building target: MemoryGame.elf'
'Invoking: ARM v7 gcc linker'
arm-none-eabi-gcc -mcpu=cortex-a9 -mfpu=vfpv3 -mfloat-abi=hard -Wl,-build-id=none -specs=Xilinx.spec -Wl,-T -Wl,../src/lscript.ld -L../../MemoryGame_bsp/ps7_cortexa9_0/lib -o "MemoryGame.elf"  ./src/code.o   -Wl,--start-group,-lxil,-lgcc,-lc,--end-group
'Finished building target: MemoryGame.elf'
' '
'Invoking: ARM v7 Print Size'
arm-none-eabi-size MemoryGame.elf  |tee "MemoryGame.elf.size"
   text	   data	    bss	    dec	    hex	filename
  30980	   2780	  22704	  56464	   dc90	MemoryGame.elf
'Finished building: MemoryGame.elf.size'
' '
22:04:44 **** Incremental Build of configuration Debug for project MemoryGame ****
make pre-build main-build 
a9-linaro-pre-build-step
' '
make: Nothing to be done for `main-build'.
22:05:14 **** Auto Build of configuration Debug for project MemoryGame ****
make pre-build main-build 
a9-linaro-pre-build-step
' '
'Building file: ../src/code.c'
'Invoking: ARM v7 gcc compiler'
arm-none-eabi-gcc -Wall -O0 -g3 -c -fmessage-length=0 -MT"src/code.o" -mcpu=cortex-a9 -mfpu=vfpv3 -mfloat-abi=hard -I../../MemoryGame_bsp/ps7_cortexa9_0/include -MMD -MP -MF"src/code.d" -MT"src/code.o" -o "src/code.o" "../src/code.c"
'Finished building: ../src/code.c'
' '
'Building target: MemoryGame.elf'
'Invoking: ARM v7 gcc linker'
arm-none-eabi-gcc -mcpu=cortex-a9 -mfpu=vfpv3 -mfloat-abi=hard -Wl,-build-id=none -specs=Xilinx.spec -Wl,-T -Wl,../src/lscript.ld -L../../MemoryGame_bsp/ps7_cortexa9_0/lib -o "MemoryGame.elf"  ./src/code.o   -Wl,--start-group,-lxil,-lgcc,-lc,--end-group
'Finished building target: MemoryGame.elf'
' '
'Invoking: ARM v7 Print Size'
arm-none-eabi-size MemoryGame.elf  |tee "MemoryGame.elf.size"
   text	   data	    bss	    dec	    hex	filename
  30980	   2780	  22704	  56464	   dc90	MemoryGame.elf
'Finished building: MemoryGame.elf.size'
' '
22:05:18 **** Incremental Build of configuration Debug for project MemoryGame ****
make pre-build main-build 
a9-linaro-pre-build-step
' '
make: Nothing to be done for `main-build'.
22:05:54 **** Incremental Build of configuration Debug for project MemoryGame ****
make pre-build main-build 
a9-linaro-pre-build-step
' '
make: Nothing to be done for `main-build'.
22:12:07 **** Auto Build of configuration Debug for project MemoryGame ****
make pre-build main-build 
a9-linaro-pre-build-step
' '
'Building file: ../src/code.c'
'Invoking: ARM v7 gcc compiler'
arm-none-eabi-gcc -Wall -O0 -g3 -c -fmessage-length=0 -MT"src/code.o" -mcpu=cortex-a9 -mfpu=vfpv3 -mfloat-abi=hard -I../../MemoryGame_bsp/ps7_cortexa9_0/include -MMD -MP -MF"src/code.d" -MT"src/code.o" -o "src/code.o" "../src/code.c"
'Finished building: ../src/code.c'
' '
'Building target: MemoryGame.elf'
'Invoking: ARM v7 gcc linker'
arm-none-eabi-gcc -mcpu=cortex-a9 -mfpu=vfpv3 -mfloat-abi=hard -Wl,-build-id=none -specs=Xilinx.spec -Wl,-T -Wl,../src/lscript.ld -L../../MemoryGame_bsp/ps7_cortexa9_0/lib -o "MemoryGame.elf"  ./src/code.o   -Wl,--start-group,-lxil,-lgcc,-lc,--end-group
'Finished building target: MemoryGame.elf'
' '
'Invoking: ARM v7 Print Size'
arm-none-eabi-size MemoryGame.elf  |tee "MemoryGame.elf.size"
   text	   data	    bss	    dec	    hex	filename
  31236	   2780	  22704	  56720	   dd90	MemoryGame.elf
'Finished building: MemoryGame.elf.size'
' '
22:12:13 **** Incremental Build of configuration Debug for project MemoryGame ****
make pre-build main-build 
a9-linaro-pre-build-step
' '
make: Nothing to be done for `main-build'.
22:12:41 **** Auto Build of configuration Debug for project MemoryGame ****
make pre-build main-build 
a9-linaro-pre-build-step
' '
'Building file: ../src/code.c'
'Invoking: ARM v7 gcc compiler'
arm-none-eabi-gcc -Wall -O0 -g3 -c -fmessage-length=0 -MT"src/code.o" -mcpu=cortex-a9 -mfpu=vfpv3 -mfloat-abi=hard -I../../MemoryGame_bsp/ps7_cortexa9_0/include -MMD -MP -MF"src/code.d" -MT"src/code.o" -o "src/code.o" "../src/code.c"
'Finished building: ../src/code.c'
' '
'Building target: MemoryGame.elf'
'Invoking: ARM v7 gcc linker'
arm-none-eabi-gcc -mcpu=cortex-a9 -mfpu=vfpv3 -mfloat-abi=hard -Wl,-build-id=none -specs=Xilinx.spec -Wl,-T -Wl,../src/lscript.ld -L../../MemoryGame_bsp/ps7_cortexa9_0/lib -o "MemoryGame.elf"  ./src/code.o   -Wl,--start-group,-lxil,-lgcc,-lc,--end-group
'Finished building target: MemoryGame.elf'
' '
'Invoking: ARM v7 Print Size'
arm-none-eabi-size MemoryGame.elf  |tee "MemoryGame.elf.size"
   text	   data	    bss	    dec	    hex	filename
  31236	   2780	  22704	  56720	   dd90	MemoryGame.elf
'Finished building: MemoryGame.elf.size'
' '
22:12:46 **** Incremental Build of configuration Debug for project MemoryGame ****
make pre-build main-build 
a9-linaro-pre-build-step
' '
make: Nothing to be done for `main-build'.
22:16:12 **** Auto Build of configuration Debug for project MemoryGame ****
make pre-build main-build 
a9-linaro-pre-build-step
' '
'Building file: ../src/code.c'
'Invoking: ARM v7 gcc compiler'
arm-none-eabi-gcc -Wall -O0 -g3 -c -fmessage-length=0 -MT"src/code.o" -mcpu=cortex-a9 -mfpu=vfpv3 -mfloat-abi=hard -I../../MemoryGame_bsp/ps7_cortexa9_0/include -MMD -MP -MF"src/code.d" -MT"src/code.o" -o "src/code.o" "../src/code.c"
'Finished building: ../src/code.c'
' '
'Building target: MemoryGame.elf'
'Invoking: ARM v7 gcc linker'
arm-none-eabi-gcc -mcpu=cortex-a9 -mfpu=vfpv3 -mfloat-abi=hard -Wl,-build-id=none -specs=Xilinx.spec -Wl,-T -Wl,../src/lscript.ld -L../../MemoryGame_bsp/ps7_cortexa9_0/lib -o "MemoryGame.elf"  ./src/code.o   -Wl,--start-group,-lxil,-lgcc,-lc,--end-group
'Finished building target: MemoryGame.elf'
' '
'Invoking: ARM v7 Print Size'
arm-none-eabi-size MemoryGame.elf  |tee "MemoryGame.elf.size"
   text	   data	    bss	    dec	    hex	filename
  31236	   2780	  22704	  56720	   dd90	MemoryGame.elf
'Finished building: MemoryGame.elf.size'
' '
22:16:16 **** Incremental Build of configuration Debug for project MemoryGame ****
make pre-build main-build 
a9-linaro-pre-build-step
' '
make: Nothing to be done for `main-build'.
22:16:43 **** Incremental Build of configuration Debug for project MemoryGame ****
make pre-build main-build 
a9-linaro-pre-build-step
' '
make: Nothing to be done for `main-build'.
22:19:01 **** Incremental Build of configuration Debug for project MemoryGame ****
make pre-build main-build 
a9-linaro-pre-build-step
' '
make: Nothing to be done for `main-build'.
22:19:24 **** Incremental Build of configuration Debug for project MemoryGame ****
make pre-build main-build 
a9-linaro-pre-build-step
' '
make: Nothing to be done for `main-build'.
