21:46:24 **** Incremental Build of configuration Debug for project MemoryGame ****
make pre-build main-build 
a9-linaro-pre-build-step
' '
'Building file: ../src/code.c'
'Invoking: ARM v7 gcc compiler'
arm-none-eabi-gcc -Wall -O0 -g3 -c -fmessage-length=0 -MT"src/code.o" -mcpu=cortex-a9 -mfpu=vfpv3 -mfloat-abi=hard -I../../MemoryGame_bsp/ps7_cortexa9_0/include -MMD -MP -MF"src/code.d" -MT"src/code.o" -o "src/code.o" "../src/code.c"
'Finished building: ../src/code.c'
' '
'Building target: MemoryGame.elf'
'Invoking: ARM v7 gcc linker'
arm-none-eabi-gcc -mcpu=cortex-a9 -mfpu=vfpv3 -mfloat-abi=hard -Wl,-build-id=none -specs=Xilinx.spec -Wl,-T -Wl,../src/lscript.ld -L../../MemoryGame_bsp/ps7_cortexa9_0/lib -o "MemoryGame.elf"  ./src/code.o   -Wl,--start-group,-lxil,-lgcc,-lc,--end-group
'Finished building target: MemoryGame.elf'
' '
'Invoking: ARM v7 Print Size'
arm-none-eabi-size MemoryGame.elf  |tee "MemoryGame.elf.size"
   text	   data	    bss	    dec	    hex	filename
  30980	   2780	  22704	  56464	   dc90	MemoryGame.elf
'Finished building: MemoryGame.elf.size'
' '

21:46:26 Build Finished (took 1s.827ms)

