16:16:45 **** Auto Build of configuration Debug for project MemoryGame ****
make pre-build main-build 
a9-linaro-pre-build-step
' '
'Building file: ../src/lab7.c'
'Invoking: ARM v7 gcc compiler'
arm-none-eabi-gcc -Wall -O0 -g3 -c -fmessage-length=0 -MT"src/lab7.o" -mcpu=cortex-a9 -mfpu=vfpv3 -mfloat-abi=hard -I../../MemoryGame_bsp/ps7_cortexa9_0/include -MMD -MP -MF"src/lab7.d" -MT"src/lab7.o" -o "src/lab7.o" "../src/lab7.c"
'Finished building: ../src/lab7.c'
' '
'Building target: MemoryGame.elf'
'Invoking: ARM v7 gcc linker'
arm-none-eabi-gcc -mcpu=cortex-a9 -mfpu=vfpv3 -mfloat-abi=hard -Wl,-build-id=none -specs=Xilinx.spec -Wl,-T -Wl,../src/lscript.ld -L../../MemoryGame_bsp/ps7_cortexa9_0/lib -o "MemoryGame.elf"  ./src/lab7.o   -Wl,--start-group,-lxil,-lgcc,-lc,--end-group
'Finished building target: MemoryGame.elf'
' '
'Invoking: ARM v7 Print Size'
arm-none-eabi-size MemoryGame.elf  |tee "MemoryGame.elf.size"
   text	   data	    bss	    dec	    hex	filename
  30852	   2764	  22688	  56304	   dbf0	MemoryGame.elf
'Finished building: MemoryGame.elf.size'
' '

16:16:46 Build Finished (took 1s.243ms)

